STM32TouchController.cpp:30:6:virtual void STM32TouchController::init()	0	static
STM32TouchController.hpp:34:7:STM32TouchController::~STM32TouchController()	0	static
STM32TouchController.hpp:34:7:virtual STM32TouchController::~STM32TouchController()	8	static
STM32TouchController.cpp:39:6:virtual bool STM32TouchController::sampleTouch(int32_t&, int32_t&)	24	static
STM32TouchController.cpp:145:13:void TS_IO_Write(uint8_t, uint8_t, uint8_t)	32	static
STM32TouchController.cpp:156:16:uint8_t TS_IO_Read(uint8_t, uint8_t)	32	static
STM32TouchController.cpp:170:13:void TS_IO_Delay(uint32_t)	0	static
