ModelListener.hpp:64:18:virtual void ModelListener::buttonAlarmOn()	0	static
ModelListener.hpp:65:18:virtual void ModelListener::buttonAlarmOff()	0	static
Screen3Presenter.hpp:28:13:Screen3Presenter::~Screen3Presenter()	0	static
Screen3Presenter.cpp:10:6:virtual void Screen3Presenter::activate()	0	static
Screen3Presenter.hpp:28:13:virtual Screen3Presenter::~Screen3Presenter()	8	static
Screen3Presenter.hpp:28:13:virtual void* Screen3Presenter::_ZThn4_N16Screen3PresenterD1Ev()	0	static
Screen3Presenter.cpp:4:1:Screen3Presenter::Screen3Presenter(Screen3View&)	8	static
