Screen.hpp:104:18:virtual void touchgfx::Screen::afterTransition()	0	static
Screen.hpp:144:18:virtual void touchgfx::Screen::handleTickEvent()	0	static
Screen.hpp:154:18:virtual void touchgfx::Screen::handleKeyEvent(uint8_t)	0	static
Screen4View.hpp:11:13:Screen4View::~Screen4View()	0	static
Screen4View.cpp:13:6:virtual void Screen4View::tearDownScreen()	0	static
Screen4View.cpp:8:6:virtual void Screen4View::setupScreen()	0	static
Screen4View.hpp:11:13:virtual Screen4View::~Screen4View()	8	static
Screen4View.cpp:3:1:Screen4View::Screen4View()	8	static
